Testing with User ID: 414444653
Token Scopes: offline_access read urn:global:admin:info:/read-only urn:global:admin:info:/read-write urn:global:admin:oauth:/read-only urn:global:admin:oauth:/read-write urn:global:admin:users:/read-only urn:global:admin:users:/read-write urn:ml:mktp:orders-shipments:/read-write write

Attempting /items/validate with 'free' listing...
Status: 403
Response: {
  "message": "At least one policy returned UNAUTHORIZED.",
  "code": "PA_UNAUTHORIZED_RESULT_FROM_POLICIES",
  "blocked_by": "PolicyAgent",
  "status": 403
}

--- FAILED TEST ---
The token does not have permission to publish items in MLA site.
Check if the account is in MLA (Argentina) and if the App is also in MLA.
