components/AdminProductForm.tsx(10,44): error TS2339: Property 'name' does not exist on type '{}'.
components/AdminProductForm.tsx(11,46): error TS2339: Property 'price' does not exist on type '{}'.
components/AdminProductForm.tsx(12,52): error TS2339: Property 'category' does not exist on type '{}'.
components/AdminProductForm.tsx(13,79): error TS2339: Property 'technology' does not exist on type '{}'.
components/AdminProductForm.tsx(14,58): error TS2339: Property 'description' does not exist on type '{}'.
components/AdminProductForm.tsx(15,46): error TS2339: Property 'dimensions' does not exist on type '{}'.
components/AdminProductForm.tsx(16,48): error TS2339: Property 'dimensions' does not exist on type '{}'.
components/AdminProductForm.tsx(17,48): error TS2339: Property 'dimensions' does not exist on type '{}'.
components/AdminProductForm.tsx(18,48): error TS2339: Property 'weight' does not exist on type '{}'.
components/AdminProductForm.tsx(41,19): error TS2339: Property 'id' does not exist on type '{}'.
components/AdminProductForm.tsx(45,22): error TS2339: Property 'image' does not exist on type '{}'.
components/CheckoutModal.tsx(72,7): error TS2322: Type '"pendiente"' is not assignable to type 'OrderStatus'.
